Microchip MPLAB XC8 Compiler V2.40

Linker command line:

-W-3 \
  --edf=C:\Program Files\Microchip\xc8\v2.40\pic\dat\20220703182018_en.msgs \
  -cn -h+dist/default/production\Lab02_Digital2.X.production.sym \
  --cmf=dist/default/production\Lab02_Digital2.X.production.cmf -z -Q16F887 \
  -oC:\Users\Black\AppData\Local\Temp\xcAso5s.4 --defsym=__MPLAB_BUILD=1 \
  --fixupoverflow=error \
  -Mdist/default/production/Lab02_Digital2.X.production.map \
  --md=C:\Users\Black\AppData\Local\Temp\xcAso5s.dat -E1 -ver=XC8 Compiler \
  --acfsm=1493 -ACODE=00h-07FFhx4 -ASTRCODE=00h-01FFFh -ASTRING=00h-0FFhx32 \
  -ACONST=00h-0FFhx32 -AENTRY=00h-0FFhx32 -ACOMMON=070h-07Fh \
  -ABANK0=020h-06Fh -ABANK1=0A0h-0EFh -ABANK2=0110h-016Fh \
  -ABANK3=0190h-01EFh -ARAM=020h-06Fh,0A0h-0EFh,0110h-016Fh,0190h-01EFh \
  -AABS1=020h-07Fh,0A0h-0EFh,0110h-016Fh,0190h-01EFh -ASFR0=00h-01Fh \
  -ASFR1=080h-09Fh -ASFR2=0100h-010Fh -ASFR3=0180h-018Fh \
  -ACONFIG=02007h-02008h -DCONFIG=2 -AIDLOC=02000h-02003h -DIDLOC=2 \
  -AEEDATA=00h-0FFh/02100h -peeprom_data=EEDATA -DEEDATA=2 -DCODE=2 \
  -DSTRCODE=2 -DSTRING=2 -DCONST=2 -DENTRY=2 \
  -preset_vec=00h,intentry=04h,init,end_init -ppowerup=CODE -pcinit=CODE \
  -pfunctab=ENTRY -k C:\Users\Black\AppData\Local\Temp\xcAso5s.o \
  dist/default/production\Lab02_Digital2.X.production.o 

Object code version is 3.11

Machine type is 16F887



                Name                               Link     Load   Length Selector   Space Scale
C:\Users\Black\AppData\Local\Temp\xcAso5s.o
                end_init                              C        C        3        8       0
                reset_vec                             0        0        3        0       0
                config                             2007     2007        2        0       4
                idloc                              2000     2000        4        0       5
dist/default/production\Lab02_Digital2.X.production.o
                cinit                                 F        F        F        8       0
                intentry                              4        4        8        8       0
                config                             2007     2007        2        0       4
                idloc                              2000     2000        4        0       5
                text36                              802      802        A     1004       0
                text35                             199B     199B       19     3336       0
                text34                             1000     1000        6     193A       0
                text33                             19CE     19CE       1C     339C       0
                text32                             197A     197A        D     32F4       0
                text31                             1B8D     1B8D       50     371A       0
                text30                             1A0B     1A0B       22     3416       0
                text29                             19B4     19B4       1A     3368       0
                text28                             1AB9     1AB9       46     3572       0
                text27                             1516     1516      2EA     2A2C       0
                text26                             1136     1136      1D3     226C       0
                text25                             1A54     1A54       29     34A8       0
                text24                              958      958      345     12B0       0
                text23                             107C     107C       BA     20F8       0
                text22                              884      884       D4     1108       0
                text21                             1BDD     1BDD       50     37BA       0
                text20                             1DED     1DED       A4     3BDA       0
                text19                             1006     1006        D     200C       0
                text18                             1C2D     1C2D       50     385A       0
                text17                              80C      80C       78     1018       0
                text16                             1D85     1D85       68     3B0A       0
                text15                             1C7D     1C7D       56     38FA       0
                text14                             1A2D     1A2D       27     345A       0
                text13                             1F48     1F48       B8     3E90       0
                text12                             1E91     1E91       B7     3D22       0
                text11                             1AFF     1AFF       46     35FE       0
                text10                             1A7D     1A7D       3C     34FA       0
                text9                              1309     1309      20D     2612       0
                text8                              1987     1987       14     330E       0
                text7                              1013     1013       69     2026       0
                text6                              1D2A     1D2A       5B     3A54       0
                text5                               C9D      C9D      363     193A       0
                text4                                1E       1E      7A8        8       0
                text3                              1B45     1B45       48     368A       0
                text2                               7C6      7C6       39        8       0
                text1                              19EA     19EA       21     33D4       0
                maintext                           1CD3     1CD3       57     39A6       0
                cstackBANK0                          20       20       50       20       1
                cstackCOMMON                         70       70        6       70       1
                cstackBANK1                          A0       A0       37       A0       1
                clrtext                            1972     1972        8     32E4       0
                bssBANK1                             D7       D7       13       A0       1
                bssCOMMON                            76       76        2       70       1
                strings                            1800     1800       AC     3000       0

TOTAL           Name                               Link     Load   Length     Space
        CLASS   CODE           
                end_init                              C        C        3         0
                cinit                                 F        F        F         0
                intentry                              4        4        8         0
                reset_vec                             0        0        3         0
                text36                              802      802        A         0
                text35                             199B     199B       19         0
                text34                             1000     1000        6         0
                text33                             19CE     19CE       1C         0
                text32                             197A     197A        D         0
                text31                             1B8D     1B8D       50         0
                text30                             1A0B     1A0B       22         0
                text29                             19B4     19B4       1A         0
                text28                             1AB9     1AB9       46         0
                text27                             1516     1516      2EA         0
                text26                             1136     1136      1D3         0
                text25                             1A54     1A54       29         0
                text24                              958      958      345         0
                text23                             107C     107C       BA         0
                text22                              884      884       D4         0
                text21                             1BDD     1BDD       50         0
                text20                             1DED     1DED       A4         0
                text19                             1006     1006        D         0
                text18                             1C2D     1C2D       50         0
                text17                              80C      80C       78         0
                text16                             1D85     1D85       68         0
                text15                             1C7D     1C7D       56         0
                text14                             1A2D     1A2D       27         0
                text13                             1F48     1F48       B8         0
                text12                             1E91     1E91       B7         0
                text11                             1AFF     1AFF       46         0
                text10                             1A7D     1A7D       3C         0
                text9                              1309     1309      20D         0
                text8                              1987     1987       14         0
                text7                              1013     1013       69         0
                text6                              1D2A     1D2A       5B         0
                text5                               C9D      C9D      363         0
                text4                                1E       1E      7A8         0
                text3                              1B45     1B45       48         0
                text2                               7C6      7C6       39         0
                text1                              19EA     19EA       21         0
                maintext                           1CD3     1CD3       57         0
                clrtext                            1972     1972        8         0

        CLASS   STRCODE        

        CLASS   STRING         
                strings                            1800     1800       AC         0

        CLASS   CONST          

        CLASS   ENTRY          

        CLASS   COMMON         
                cstackCOMMON                         70       70        6         1
                bssCOMMON                            76       76        2         1

        CLASS   BANK0          
                cstackBANK0                          20       20       50         1

        CLASS   BANK1          
                cstackBANK1                          A0       A0       37         1
                bssBANK1                             D7       D7       13         1

        CLASS   BANK2          

        CLASS   BANK3          

        CLASS   RAM            

        CLASS   ABS1           
                abs_s1                               7E       7E        2         1

        CLASS   SFR0           

        CLASS   SFR1           

        CLASS   SFR2           

        CLASS   SFR3           

        CLASS   CONFIG         
                config                             2007     2007        2         4

        CLASS   IDLOC          
                idloc                              2000     2000        4         5

        CLASS   EEDATA         

        CLASS   STACK          



SEGMENTS        Name                           Load    Length   Top    Selector   Space  Class     Delta

                reset_vec                      000000  000003  000003         0       0  CODE        2
                intentry                       000004  0007FB  0007FF         8       0  CODE        2
                cstackBANK0                    000020  000050  000070        20       1  BANK0       1
                cstackCOMMON                   000070  000008  000078        70       1  COMMON      1
                cstackBANK1                    0000A0  00004A  0000EA        A0       1  BANK1       1
                text36                         000802  00000A  00080C      1004       0  CODE        2
                text17                         00080C  000078  000884      1018       0  CODE        2
                text22                         000884  0000D4  000958      1108       0  CODE        2
                text24                         000958  000345  000C9D      12B0       0  CODE        2
                text5                          000C9D  000369  001006      193A       0  CODE        2
                text19                         001006  00000D  001013      200C       0  CODE        2
                text7                          001013  000069  00107C      2026       0  CODE        2
                text23                         00107C  0000BA  001136      20F8       0  CODE        2
                text26                         001136  0001D3  001309      226C       0  CODE        2
                text9                          001309  00020D  001516      2612       0  CODE        2
                text27                         001516  0002EA  001800      2A2C       0  CODE        2
                strings                        001800  0000AC  0018AC      3000       0  STRING      2
                clrtext                        001972  000008  00197A      32E4       0  CODE        2
                text32                         00197A  00000D  001987      32F4       0  CODE        2
                text8                          001987  000014  00199B      330E       0  CODE        2
                text35                         00199B  000019  0019B4      3336       0  CODE        2
                text29                         0019B4  00001A  0019CE      3368       0  CODE        2
                text33                         0019CE  00001C  0019EA      339C       0  CODE        2
                text1                          0019EA  000021  001A0B      33D4       0  CODE        2
                text30                         001A0B  000022  001A2D      3416       0  CODE        2
                text14                         001A2D  000027  001A54      345A       0  CODE        2
                text25                         001A54  000029  001A7D      34A8       0  CODE        2
                text10                         001A7D  00003C  001AB9      34FA       0  CODE        2
                text28                         001AB9  000046  001AFF      3572       0  CODE        2
                text11                         001AFF  000046  001B45      35FE       0  CODE        2
                text3                          001B45  000048  001B8D      368A       0  CODE        2
                text31                         001B8D  000050  001BDD      371A       0  CODE        2
                text21                         001BDD  000050  001C2D      37BA       0  CODE        2
                text18                         001C2D  000050  001C7D      385A       0  CODE        2
                text15                         001C7D  000056  001CD3      38FA       0  CODE        2
                maintext                       001CD3  000057  001D2A      39A6       0  CODE        2
                text6                          001D2A  00005B  001D85      3A54       0  CODE        2
                text16                         001D85  000068  001DED      3B0A       0  CODE        2
                text20                         001DED  0000A4  001E91      3BDA       0  CODE        2
                text12                         001E91  0000B7  001F48      3D22       0  CODE        2
                text13                         001F48  0000B8  002000      3E90       0  CODE        2


UNUSED ADDRESS RANGES

        Name                Unused          Largest block    Delta
        BANK1            00EA-00EF              6           1
        BANK2            0110-016F             60           1
        BANK3            0190-01EF             60           1
        CODE             0003-0003              1           2
                         07FF-0801              1
                         18AC-1971             C6
        COMMON           0078-007D              6           1
        CONST            0003-0003              1           2
                         07FF-0801              1
                         18AC-1971             54
        EEDATA           2100-21FF            100           2
        ENTRY            0003-0003              1           2
                         07FF-0801              1
                         18AC-1971             54
        RAM              00EA-00EF              6           1
                         0110-016F             60
                         0190-01EF             60
        SFR0             0000-001F             20           1
        SFR1             0080-009F             20           1
        SFR2             0100-010F             10           1
        SFR3             0180-018F             10           1
        STRCODE          0003-0003              1           2
                         07FF-0801              3
                         18AC-1971             C6
        STRING           0003-0003              1           2
                         07FF-0801              1
                         18AC-1971             54

                                  Symbol Table

?__Umul8_16                cstackBANK0  0020
?___awdiv                  cstackBANK0  0027
?___awmod                  cstackBANK0  0020
?___fladd                  cstackBANK0  0064
?___fldiv                  cstackBANK0  004A
?___flmul                  cstackBANK0  0030
?___flneg                  cstackBANK0  0020
?___flsub                  cstackBANK1  00A8
?___fltol                  cstackBANK0  005D
?___lldiv                  cstackBANK0  0020
?___llmod                  cstackBANK0  0020
?___lwdiv                  cstackBANK0  0026
?___lwmod                  cstackBANK0  0020
?___wmul                   cstackBANK0  0020
?___xxtofl                 cstackBANK0  0020
?__div_to_l_               cstackBANK0  0020
?__tdiv_to_l_              cstackBANK0  0020
?_adc_read                 cstackCOMMON 0070
?_fround                   cstackBANK0  004A
?_map                      cstackBANK1  00A8
?_scale                    cstackBANK0  004A
?_sprintf                  cstackBANK1  00B0
Lcd_Cmd8@a                 cstackBANK0  0023
Lcd_Port8@a                cstackBANK0  0020
Lcd_Set_Cursor8@a          cstackBANK0  0025
Lcd_Set_Cursor8@b          cstackBANK0  0024
Lcd_Set_Cursor8@temp       cstackBANK0  0026
Lcd_Write_Char8@a          cstackBANK0  0023
Lcd_Write_Char8@y          cstackBANK0  0022
Lcd_Write_String8@a        cstackBANK0  0024
Lcd_Write_String8@i        cstackBANK0  0029
_ADCON0bits                (abs)        001F
_ADCON1bits                (abs)        009F
_ADON                      (abs)        00F8
_ADRESH                    (abs)        001E
_ANSELH                    (abs)        0189
_ANSELbits                 (abs)        0188
_CVPOT                     bssBANK1     00DB
_INTCONbits                (abs)        000B
_Lcd_Clear8                text32       197A
_Lcd_Cmd8                  text33       19CE
_Lcd_Init8                 text31       1B8D
_Lcd_Port8                 text34       1000
_Lcd_Set_Cursor8           text30       1A0B
_Lcd_Write_Char8           text29       19B4
_Lcd_Write_String8         text28       1AB9
_OSCCONbits                (abs)        008F
_PIE1bits                  (abs)        008C
_PIR1bits                  (abs)        000C
_PORTA                     (abs)        0005
_PORTB                     (abs)        0006
_PORTC                     (abs)        0007
_PORTCbits                 (abs)        0007
_PORTD                     (abs)        0008
_PORTDbits                 (abs)        0008
_PORTE                     (abs)        0009
_POT                       text3        1B45
_RD3                       (abs)        0043
_RD4                       (abs)        0044
_RD5                       (abs)        0045
_RD6                       (abs)        0046
_RD7                       (abs)        0047
_TRISA                     (abs)        0085
_TRISB                     (abs)        0086
_TRISC                     (abs)        0087
_TRISD                     (abs)        0088
__Habs1                    abs1         0000
__Hbank0                   bank0        0000
__Hbank1                   bank1        0000
__Hbank2                   bank2        0000
__Hbank3                   bank3        0000
__HbssBANK1                bssBANK1     0000
__HbssCOMMON               bssCOMMON    0000
__Hcinit                   cinit        001E
__Hclrtext                 clrtext      0000
__Hcode                    code         0000
__Hcommon                  common       0000
__Hconfig                  config       2009
__HcstackBANK0             cstackBANK0  0000
__HcstackBANK1             cstackBANK1  0000
__HcstackCOMMON            cstackCOMMON 0000
__Heeprom_data             eeprom_data  0000
__Hend_init                end_init     000F
__Hfunctab                 functab      0000
__Hidloc                   idloc        2004
__Hinit                    init         000C
__Hintentry                intentry     000C
__Hmaintext                maintext     0000
__Hpowerup                 powerup      0000
__Hram                     ram          0000
__Hreset_vec               reset_vec    0003
__Hsfr0                    sfr0         0000
__Hsfr1                    sfr1         0000
__Hsfr2                    sfr2         0000
__Hsfr3                    sfr3         0000
__Hspace_0                 (abs)        2000
__Hspace_1                 (abs)        00EA
__Hspace_2                 (abs)        0000
__Hspace_3                 (abs)        0000
__Hspace_4                 (abs)        4010
__Hstack                   stack        0000
__Hstrings                 strings      0000
__Htext                    text         0000
__Labs1                    abs1         0000
__Lbank0                   bank0        0000
__Lbank1                   bank1        0000
__Lbank2                   bank2        0000
__Lbank3                   bank3        0000
__LbssBANK1                bssBANK1     0000
__LbssCOMMON               bssCOMMON    0000
__Lcinit                   cinit        000F
__Lclrtext                 clrtext      0000
__Lcode                    code         0000
__Lcommon                  common       0000
__Lconfig                  config       0000
__LcstackBANK0             cstackBANK0  0000
__LcstackBANK1             cstackBANK1  0000
__LcstackCOMMON            cstackCOMMON 0000
__Leeprom_data             eeprom_data  0000
__Lend_init                end_init     000C
__Lfunctab                 functab      0000
__Lidloc                   idloc        0000
__Linit                    init         000C
__Lintentry                intentry     0004
__Lmaintext                maintext     0000
__Lpowerup                 powerup      0000
__Lram                     ram          0000
__Lreset_vec               reset_vec    0000
__Lsfr0                    sfr0         0000
__Lsfr1                    sfr1         0000
__Lsfr2                    sfr2         0000
__Lsfr3                    sfr3         0000
__Lspace_0                 (abs)        0000
__Lspace_1                 (abs)        0000
__Lspace_2                 (abs)        0000
__Lspace_3                 (abs)        0000
__Lspace_4                 (abs)        0000
__Lstack                   stack        0000
__Lstrings                 strings      0000
__Ltext                    text         0000
__S0                       (abs)        2000
__S1                       (abs)        00EA
__S3                       (abs)        0000
__Umul8_16                 text25       1A54
__Umul8_16@multiplicand    cstackBANK0  0020
__Umul8_16@multiplier      cstackBANK0  0028
__Umul8_16@product         cstackBANK0  0024
__Umul8_16@word_mpld       cstackBANK0  0026
___awdiv                   text7        1013
___awdiv@counter           cstackBANK0  002C
___awdiv@dividend          cstackBANK0  0029
___awdiv@divisor           cstackBANK0  0027
___awdiv@quotient          cstackBANK0  002E
___awdiv@sign              cstackBANK0  002D
___awmod                   text6        1D2A
___awmod@counter           cstackBANK0  0025
___awmod@dividend          cstackBANK0  0022
___awmod@divisor           cstackBANK0  0020
___awmod@sign              cstackBANK0  0026
___fladd                   text27       1516
___fladd@a                 cstackBANK0  0068
___fladd@aexp              cstackBANK0  006D
___fladd@b                 cstackBANK0  0064
___fladd@bexp              cstackBANK0  006E
___fladd@grs               cstackBANK0  006F
___fladd@signs             cstackBANK0  006C
___fldiv                   text26       1136
___fldiv@a                 cstackBANK0  004A
___fldiv@aexp              cstackBANK0  0063
___fldiv@b                 cstackBANK0  004E
___fldiv@bexp              cstackBANK0  0062
___fldiv@grs               cstackBANK0  005E
___fldiv@new_exp           cstackBANK0  005C
___fldiv@rem               cstackBANK0  0057
___fldiv@sign              cstackBANK0  005B
___fleq                    text21       1BDD
___fleq@ff1                cstackBANK0  0020
___fleq@ff2                cstackBANK0  0024
___flge                    text20       1DED
___flge@ff1                cstackBANK0  0020
___flge@ff2                cstackBANK0  0024
___flmul                   text24       0958
___flmul@a                 cstackBANK0  0034
___flmul@aexp              cstackBANK0  003E
___flmul@b                 cstackBANK0  0030
___flmul@bexp              cstackBANK0  0043
___flmul@grs               cstackBANK0  003F
___flmul@prod              cstackBANK0  0044
___flmul@sign              cstackBANK0  003D
___flmul@temp              cstackBANK0  0048
___flneg                   text19       1006
___flneg@f1                cstackBANK0  0020
___flsub                   text18       1C2D
___flsub@a                 cstackBANK1  00A8
___flsub@b                 cstackBANK1  00AC
___fltol                   text17       080C
___fltol@exp1              cstackBANK0  0066
___fltol@f1                cstackBANK0  005D
___fltol@sign1             cstackBANK0  0065
___int_sp                  stack        0000
___latbits                 (abs)        0002
___lldiv                   text16       1D85
___lldiv@counter           cstackBANK0  002D
___lldiv@dividend          cstackBANK0  0024
___lldiv@divisor           cstackBANK0  0020
___lldiv@quotient          cstackBANK0  0029
___llmod                   text15       1C7D
___llmod@counter           cstackBANK0  0029
___llmod@dividend          cstackBANK0  0024
___llmod@divisor           cstackBANK0  0020
___lwdiv                   text11       1AFF
___lwdiv@counter           cstackBANK0  002D
___lwdiv@dividend          cstackBANK0  0028
___lwdiv@divisor           cstackBANK0  0026
___lwdiv@quotient          cstackBANK0  002B
___lwmod                   text10       1A7D
___lwmod@counter           cstackBANK0  0025
___lwmod@dividend          cstackBANK0  0022
___lwmod@divisor           cstackBANK0  0020
___sp                      stack        0000
___stackhi                 (abs)        0000
___stacklo                 (abs)        0000
___wmul                    text14       1A2D
___wmul@multiplicand       cstackBANK0  0022
___wmul@multiplier         cstackBANK0  0020
___wmul@product            cstackBANK0  0024
___xxtofl                  text23       107C
___xxtofl@arg              cstackBANK0  002A
___xxtofl@exp              cstackBANK0  0029
___xxtofl@sign             cstackBANK0  0028
___xxtofl@val              cstackBANK0  0020
__div_to_l_                text13       1F48
__div_to_l_@cntr           cstackBANK0  002D
__div_to_l_@exp1           cstackBANK0  002E
__div_to_l_@f1             cstackBANK0  0020
__div_to_l_@f2             cstackBANK0  0024
__div_to_l_@quot           cstackBANK0  0029
__end_of_Lcd_Clear8        text32       1987
__end_of_Lcd_Cmd8          text33       19EA
__end_of_Lcd_Init8         text31       1BDD
__end_of_Lcd_Port8         text34       1006
__end_of_Lcd_Set_Cursor8   text30       1A2D
__end_of_Lcd_Write_Char8   text29       19CE
__end_of_Lcd_Write_String8 text28       1AFF
__end_of_POT               text3        1B8D
__end_of__Umul8_16         text25       1A7D
__end_of___awdiv           text7        107C
__end_of___awmod           text6        1D85
__end_of___fladd           text27       1800
__end_of___fldiv           text26       1309
__end_of___fleq            text21       1C2D
__end_of___flge            text20       1E91
__end_of___flmul           text24       0C9D
__end_of___flneg           text19       1013
__end_of___flsub           text18       1C7D
__end_of___fltol           text17       0884
__end_of___lldiv           text16       1DED
__end_of___llmod           text15       1CD3
__end_of___lwdiv           text11       1B45
__end_of___lwmod           text10       1AB9
__end_of___wmul            text14       1A54
__end_of___xxtofl          text23       1136
__end_of__div_to_l_        text13       2000
__end_of__initialization   cinit        001A
__end_of__npowers_         strings      1878
__end_of__powers_          strings      1844
__end_of__stringtab        strings      1810
__end_of__tdiv_to_l_       text12       1F48
__end_of_adc_init          text2        07FF
__end_of_adc_read          text36       080C
__end_of_dpowers           strings      18A0
__end_of_fround            text9        1516
__end_of_isdigit           text8        199B
__end_of_isr               text35       19B4
__end_of_main              maintext     1D2A
__end_of_map               text22       0958
__end_of_scale             text5        1000
__end_of_setup             text1        1A0B
__end_of_sprintf           text4        07C6
__initialization           cinit        000F
__npowers_                 strings      1844
__pbssBANK1                bssBANK1     00D7
__pbssCOMMON               bssCOMMON    0076
__pcstackBANK0             cstackBANK0  0020
__pcstackBANK1             cstackBANK1  00A0
__pcstackCOMMON            cstackCOMMON 0070
__pintentry                intentry     0004
__pmaintext                maintext     1CD3
__powers_                  strings      1810
__pstrings                 strings      1800
__ptext1                   text1        19EA
__ptext10                  text10       1A7D
__ptext11                  text11       1AFF
__ptext12                  text12       1E91
__ptext13                  text13       1F48
__ptext14                  text14       1A2D
__ptext15                  text15       1C7D
__ptext16                  text16       1D85
__ptext17                  text17       080C
__ptext18                  text18       1C2D
__ptext19                  text19       1006
__ptext2                   text2        07C6
__ptext20                  text20       1DED
__ptext21                  text21       1BDD
__ptext22                  text22       0884
__ptext23                  text23       107C
__ptext24                  text24       0958
__ptext25                  text25       1A54
__ptext26                  text26       1136
__ptext27                  text27       1516
__ptext28                  text28       1AB9
__ptext29                  text29       19B4
__ptext3                   text3        1B45
__ptext30                  text30       1A0B
__ptext31                  text31       1B8D
__ptext32                  text32       197A
__ptext33                  text33       19CE
__ptext34                  text34       1000
__ptext35                  text35       199B
__ptext36                  text36       0802
__ptext4                   text4        001E
__ptext5                   text5        0C9D
__ptext6                   text6        1D2A
__ptext7                   text7        1013
__ptext8                   text8        1987
__ptext9                   text9        1309
__stringbase               strings      180F
__stringtab                strings      1800
__tdiv_to_l_               text12       1E91
__tdiv_to_l_@cntr          cstackBANK0  002F
__tdiv_to_l_@exp1          cstackBANK0  0030
__tdiv_to_l_@f1            cstackBANK0  0020
__tdiv_to_l_@f2            cstackBANK0  0024
__tdiv_to_l_@quot          cstackBANK0  002B
_adc_init                  text2        07C6
_adc_read                  text36       0802
_dpowers                   strings      1878
_fround                    text9        1309
_fround$1199               cstackBANK0  0059
_fround$1200               cstackBANK0  0055
_isdigit                   text8        1987
_isdigit$982               cstackBANK0  0020
_isr                       text35       199B
_main                      maintext     1CD3
_map                       text22       0884
_numero                    bssCOMMON    0076
_scale                     text5        0C9D
_scale$1201                cstackBANK0  0058
_setup                     text1        19EA
_sprintf                   text4        001E
_sprintf$1202              cstackBANK1  00BA
_voltaje                   bssBANK1     00D7
adc_init@channel           cstackBANK0  0020
btemp                      (abs)        007E
clear_ram0                 clrtext      1972
end_of_initialization      cinit        001A
fround@prec                cstackBANK0  005D
interrupt_function         intentry     0004
intlevel0                  functab      0000
intlevel1                  functab      0000
intlevel2                  functab      0000
intlevel3                  functab      0000
intlevel4                  functab      0000
intlevel5                  functab      0000
isdigit@c                  cstackBANK0  0021
map@maxx                   cstackBANK1  00AC
map@maxy                   cstackBANK1  00B0
map@minx                   cstackBANK1  00AA
map@miny                   cstackBANK1  00AE
map@val                    cstackBANK1  00A8
map@vo                     cstackBANK1  00B2
reset_vec                  reset_vec    0000
saved_w                    (abs)        007E
scale@scl                  cstackBANK0  005C
sprintf@ap                 cstackBANK1  00BE
sprintf@c                  cstackBANK1  00D2
sprintf@eexp               cstackBANK1  00C5
sprintf@f                  cstackBANK1  00B0
sprintf@flag               cstackBANK1  00BF
sprintf@fval               cstackBANK1  00CE
sprintf@prec               cstackBANK1  00CC
sprintf@sp                 cstackBANK1  00C7
sprintf@tmpval             cstackBANK1  00C8
sprintf@val                cstackBANK1  00C1
start                      init         000C
start_initialization       cinit        000F
wtemp0                     (abs)        007E


MODULE INFORMATION

Module		Function		Class		Link	Load	Size
C:\Program Files\Microchip\xc8\v2.40\pic\sources\c90\common\fltol.c
		___fltol       		CODE           	080C	0000	120

C:\Program Files\Microchip\xc8\v2.40\pic\sources\c90\common\fltol.c estimated size: 120

C:\Program Files\Microchip\xc8\v2.40\pic\sources\c90\common\awdiv.c
		___awdiv       		CODE           	1013	0000	105

C:\Program Files\Microchip\xc8\v2.40\pic\sources\c90\common\awdiv.c estimated size: 105

LCD8bits.c
		_Lcd_Init8     		CODE           	1B8D	0000	80
		_Lcd_Cmd8      		CODE           	19CE	0000	28
		_Lcd_Write_Char8		CODE           	19B4	0000	26
		_Lcd_Write_String8		CODE           	1AB9	0000	70
		_Lcd_Clear8    		CODE           	197A	0000	13
		_Lcd_Set_Cursor8		CODE           	1A0B	0000	34
		_Lcd_Port8     		CODE           	1000	0000	6

LCD8bits.c estimated size: 257

C:\Program Files\Microchip\xc8\v2.40\pic\sources\c90\common\sprcmul.c
		___flmul       		CODE           	0958	0000	837

C:\Program Files\Microchip\xc8\v2.40\pic\sources\c90\common\sprcmul.c estimated size: 837

C:\Program Files\Microchip\xc8\v2.40\pic\sources\c90\common\__lldiv.c
		___lldiv       		CODE           	1D85	0000	104

C:\Program Files\Microchip\xc8\v2.40\pic\sources\c90\common\__lldiv.c estimated size: 104

C:\Program Files\Microchip\xc8\v2.40\pic\sources\c90\common\flneg.c
		___flneg       		CODE           	1006	0000	13

C:\Program Files\Microchip\xc8\v2.40\pic\sources\c90\common\flneg.c estimated size: 13

C:\Program Files\Microchip\xc8\v2.40\pic\sources\c90\common\sprcdiv.c
		___fldiv       		CODE           	1136	0000	467

C:\Program Files\Microchip\xc8\v2.40\pic\sources\c90\common\sprcdiv.c estimated size: 467

C:\Program Files\Microchip\xc8\v2.40\pic\sources\c90\common\fleq.c
		___fleq        		CODE           	1BDD	0000	80

C:\Program Files\Microchip\xc8\v2.40\pic\sources\c90\common\fleq.c estimated size: 80

C:\Program Files\Microchip\xc8\v2.40\pic\sources\c90\common\Umul8_16.c
		__Umul8_16     		CODE           	1A54	0000	41

C:\Program Files\Microchip\xc8\v2.40\pic\sources\c90\common\Umul8_16.c estimated size: 41

C:\Program Files\Microchip\xc8\v2.40\pic\sources\c90\common\doprnt.c
		_scale         		CODE           	0C9D	0000	867
		_sprintf       		CODE           	001E	0000	1960
		_fround        		CODE           	1309	0000	525

C:\Program Files\Microchip\xc8\v2.40\pic\sources\c90\common\doprnt.c estimated size: 3352

C:\Program Files\Microchip\xc8\v2.40\pic\sources\c90\common\ftdivl.c
		__tdiv_to_l_   		CODE           	1E91	0000	183

C:\Program Files\Microchip\xc8\v2.40\pic\sources\c90\common\ftdivl.c estimated size: 183

Lab02.c
		_POT           		CODE           	1B45	0000	72
		_main          		CODE           	1CD3	0000	87
		_isr           		CODE           	199B	0000	25
		_setup         		CODE           	19EA	0000	33

Lab02.c estimated size: 217

C:\Program Files\Microchip\xc8\v2.40\pic\sources\c90\common\Umul16.c
		___wmul        		CODE           	1A2D	0000	39

C:\Program Files\Microchip\xc8\v2.40\pic\sources\c90\common\Umul16.c estimated size: 39

C:\Program Files\Microchip\xc8\v2.40\pic\sources\c90\common\lwmod.c
		___lwmod       		CODE           	1A7D	0000	60

C:\Program Files\Microchip\xc8\v2.40\pic\sources\c90\common\lwmod.c estimated size: 60

shared
		__stringtab    		STRING         	1800	0000	16
		__powers_      		STRING         	1810	0000	52
		_dpowers       		STRING         	1878	0000	40
		__npowers_     		STRING         	1844	0000	52
		__initialization		CODE           	000F	0000	11

shared estimated size: 171

ADC.c
		_map           		CODE           	0884	0000	212
		_adc_read      		CODE           	0802	0000	10
		_adc_init      		CODE           	07C6	0000	57

ADC.c estimated size: 279

C:\Program Files\Microchip\xc8\v2.40\pic\sources\c90\common\llmod.c
		___llmod       		CODE           	1C7D	0000	86

C:\Program Files\Microchip\xc8\v2.40\pic\sources\c90\common\llmod.c estimated size: 86

C:\Program Files\Microchip\xc8\v2.40\pic\sources\c90\common\isdigit.c
		_isdigit       		CODE           	1987	0000	20

C:\Program Files\Microchip\xc8\v2.40\pic\sources\c90\common\isdigit.c estimated size: 20

C:\Program Files\Microchip\xc8\v2.40\pic\sources\c90\common\sprcadd.c
		___flsub       		CODE           	1C2D	0000	80
		___fladd       		CODE           	1516	0000	746

C:\Program Files\Microchip\xc8\v2.40\pic\sources\c90\common\sprcadd.c estimated size: 826

C:\Program Files\Microchip\xc8\v2.40\pic\sources\c90\common\awmod.c
		___awmod       		CODE           	1D2A	0000	91

C:\Program Files\Microchip\xc8\v2.40\pic\sources\c90\common\awmod.c estimated size: 91

C:\Program Files\Microchip\xc8\v2.40\pic\sources\c90\common\flge.c
		___flge        		CODE           	1DED	0000	164

C:\Program Files\Microchip\xc8\v2.40\pic\sources\c90\common\flge.c estimated size: 164

C:\Program Files\Microchip\xc8\v2.40\pic\sources\c90\common\fldivl.c
		__div_to_l_    		CODE           	1F48	0000	184

C:\Program Files\Microchip\xc8\v2.40\pic\sources\c90\common\fldivl.c estimated size: 184

C:\Program Files\Microchip\xc8\v2.40\pic\sources\c90\common\lwdiv.c
		___lwdiv       		CODE           	1AFF	0000	70

C:\Program Files\Microchip\xc8\v2.40\pic\sources\c90\common\lwdiv.c estimated size: 70

C:\Program Files\Microchip\xc8\v2.40\pic\sources\c90\common\xxtofl.c
		___xxtofl      		CODE           	107C	0000	186

C:\Program Files\Microchip\xc8\v2.40\pic\sources\c90\common\xxtofl.c estimated size: 186

