Microchip MPLAB XC8 Compiler V2.40

Linker command line:

-W-3 \
  --edf=C:\Program Files\Microchip\xc8\v2.40\pic\dat\20220703182018_en.msgs \
  -cn -h+dist/default/production\Lab02_Digital2.X.production.sym \
  --cmf=dist/default/production\Lab02_Digital2.X.production.cmf -z -Q16F887 \
  -oC:\Users\Black\AppData\Local\Temp\xcAspnc.4 --defsym=__MPLAB_BUILD=1 \
  --fixupoverflow=error \
  -Mdist/default/production/Lab02_Digital2.X.production.map \
  --md=C:\Users\Black\AppData\Local\Temp\xcAspnc.dat -E1 -ver=XC8 Compiler \
  --acfsm=1493 -ACODE=00h-07FFhx4 -ASTRCODE=00h-01FFFh -ASTRING=00h-0FFhx32 \
  -ACONST=00h-0FFhx32 -AENTRY=00h-0FFhx32 -ACOMMON=070h-07Fh \
  -ABANK0=020h-06Fh -ABANK1=0A0h-0EFh -ABANK2=0110h-016Fh \
  -ABANK3=0190h-01EFh -ARAM=020h-06Fh,0A0h-0EFh,0110h-016Fh,0190h-01EFh \
  -AABS1=020h-07Fh,0A0h-0EFh,0110h-016Fh,0190h-01EFh -ASFR0=00h-01Fh \
  -ASFR1=080h-09Fh -ASFR2=0100h-010Fh -ASFR3=0180h-018Fh \
  -ACONFIG=02007h-02008h -DCONFIG=2 -AIDLOC=02000h-02003h -DIDLOC=2 \
  -AEEDATA=00h-0FFh/02100h -peeprom_data=EEDATA -DEEDATA=2 -DCODE=2 \
  -DSTRCODE=2 -DSTRING=2 -DCONST=2 -DENTRY=2 \
  -preset_vec=00h,intentry=04h,init,end_init -ppowerup=CODE -pcinit=CODE \
  -pfunctab=ENTRY -k C:\Users\Black\AppData\Local\Temp\xcAspnc.o \
  dist/default/production\Lab02_Digital2.X.production.o 

Object code version is 3.11

Machine type is 16F887



                Name                               Link     Load   Length Selector   Space Scale
C:\Users\Black\AppData\Local\Temp\xcAspnc.o
                end_init                             12       12        3        8       0
                reset_vec                             0        0        3        0       0
                config                             2007     2007        2        0       4
                idloc                              2000     2000        4        0       5
dist/default/production\Lab02_Digital2.X.production.o
                cinit                                15       15       21        8       0
                intentry                              4        4        E        8       0
                config                             2007     2007        2        0       4
                idloc                              2000     2000        4        0       5
                text25                              569      569       44      7F6       0
                text24                              72C      72C       3A      7F6       0
                text23                              112      112       DA        8       0
                text22                              FD4      FD4       2C     1FA8       0
                text21                              5EF      5EF       42      7F6       0
                text20                              F6C      F6C        A     1ED8       0
                text19                              31F      31F       7E        8       0
                text18                              F64      F64        8     1EC8       0
                text17                              FB4      FB4       20     1F68       0
                text16                              F76      F76        D     1EEC       0
                text15                              3FB      3FB       50      7F6       0
                text14                              7D6      7D6       22      7F6       0
                text13                              F96      F96       1E     1F2C       0
                text12                              79E      79E       38      7F6       0
                text11                              1EC      1EC       9D        8       0
                text10                              497      497       48      7F6       0
                text9                               44B      44B       4C      7F6       0
                text8                               4DF      4DF       46      7F6       0
                text7                               6F0      6F0       3C      7F6       0
                text6                                36       36       DC        8       0
                text5                               671      671       40      7F6       0
                text4                               525      525       44      7F6       0
                text3                               631      631       40      7F6       0
                text2                               6B1      6B1       3F      7F6       0
                text1                               766      766       38      7F6       0
                maintext                            289      289       96        8       0
                cstackBANK0                          20       20       25       20       1
                cstackCOMMON                         70       70        E       70       1
                cstackBANK1                          A0       A0       2D       A0       1
                clrtext                             7F8      7F8        8      7F6       0
                inittext                            F83      F83       13     1F06       0
                dataBANK3                           190      190       42      190       1
                bssBANK1                             CD       CD        4       A0       1
                bssBANK0                             45       45       14       20       1
                strings                             39D      39D       5E      73A       0
                idataBANK3                          5AD      5AD       42      7F6       0

TOTAL           Name                               Link     Load   Length     Space
        CLASS   CODE           
                end_init                             12       12        3         0
                cinit                                15       15       21         0
                intentry                              4        4        E         0
                reset_vec                             0        0        3         0
                text25                              569      569       44         0
                text24                              72C      72C       3A         0
                text23                              112      112       DA         0
                text22                              FD4      FD4       2C         0
                text21                              5EF      5EF       42         0
                text20                              F6C      F6C        A         0
                text19                              31F      31F       7E         0
                text18                              F64      F64        8         0
                text17                              FB4      FB4       20         0
                text16                              F76      F76        D         0
                text15                              3FB      3FB       50         0
                text14                              7D6      7D6       22         0
                text13                              F96      F96       1E         0
                text12                              79E      79E       38         0
                text11                              1EC      1EC       9D         0
                text10                              497      497       48         0
                text9                               44B      44B       4C         0
                text8                               4DF      4DF       46         0
                text7                               6F0      6F0       3C         0
                text6                                36       36       DC         0
                text5                               671      671       40         0
                text4                               525      525       44         0
                text3                               631      631       40         0
                text2                               6B1      6B1       3F         0
                text1                               766      766       38         0
                maintext                            289      289       96         0
                clrtext                             7F8      7F8        8         0
                inittext                            F83      F83       13         0
                idataBANK3                          5AD      5AD       42         0

        CLASS   STRCODE        

        CLASS   STRING         
                strings                             39D      39D       5E         0

        CLASS   CONST          

        CLASS   ENTRY          

        CLASS   COMMON         
                cstackCOMMON                         70       70        E         1

        CLASS   BANK0          
                cstackBANK0                          20       20       25         1
                bssBANK0                             45       45       14         1

        CLASS   BANK1          
                cstackBANK1                          A0       A0       2D         1
                bssBANK1                             CD       CD        4         1

        CLASS   BANK2          

        CLASS   BANK3          
                dataBANK3                           190      190       42         1

        CLASS   RAM            

        CLASS   ABS1           
                abs_s1                               7E       7E        2         1

        CLASS   SFR0           

        CLASS   SFR1           

        CLASS   SFR2           

        CLASS   SFR3           

        CLASS   CONFIG         
                config                             2007     2007        2         4

        CLASS   IDLOC          
                idloc                              2000     2000        4         5

        CLASS   EEDATA         

        CLASS   STACK          



SEGMENTS        Name                           Load    Length   Top    Selector   Space  Class     Delta

                reset_vec                      000000  000003  000003         0       0  CODE        2
                intentry                       000004  000399  00039D         8       0  CODE        2
                cstackBANK0                    000020  000039  000059        20       1  BANK0       1
                cstackCOMMON                   000070  00000E  00007E        70       1  COMMON      1
                cstackBANK1                    0000A0  000031  0000D1        A0       1  BANK1       1
                dataBANK3                      000190  000042  0001D2       190       1  BANK3       1
                strings                        00039D  00005E  0003FB       73A       0  STRING      2
                text15                         0003FB  000405  000800       7F6       0  CODE        2
                text18                         000F64  000008  000F6C      1EC8       0  CODE        2
                text20                         000F6C  00000A  000F76      1ED8       0  CODE        2
                text16                         000F76  00000D  000F83      1EEC       0  CODE        2
                inittext                       000F83  000013  000F96      1F06       0  CODE        2
                text13                         000F96  00001E  000FB4      1F2C       0  CODE        2
                text17                         000FB4  000020  000FD4      1F68       0  CODE        2
                text22                         000FD4  00002C  001000      1FA8       0  CODE        2


UNUSED ADDRESS RANGES

        Name                Unused          Largest block    Delta
        BANK0            0059-006F             17           1
        BANK1            00D1-00EF             1F           1
        BANK2            0110-016F             60           1
        BANK3            01D2-01EF             1E           1
        CODE             0003-0003              1           2
                         0800-0F63            764
                         1000-1FFF            800
        CONST            0003-0003              1           2
                         0800-0F63            100
                         1000-1FFF            100
        EEDATA           2100-21FF            100           2
        ENTRY            0003-0003              1           2
                         0800-0F63            100
                         1000-1FFF            100
        RAM              0059-006F             17           1
                         00D1-00EF             1F
                         0110-016F             60
                         01D2-01EF             1E
        SFR0             0000-001F             20           1
        SFR1             0080-009F             20           1
        SFR2             0100-010F             10           1
        SFR3             0180-018F             10           1
        STRCODE          0003-0003              1           2
                         0800-0F63            764
                         1000-1FFF           1000
        STRING           0003-0003              1           2
                         0800-0F63            100
                         1000-1FFF            100

                                  Symbol Table

?___aldiv                  cstackBANK1  00AD
?___lmul                   cstackBANK1  00A0
?___lwdiv                  cstackBANK1  00A0
?___lwmod                  cstackBANK1  00A8
?_adc_read                 cstackCOMMON 0070
?_map                      cstackBANK1  00BC
?_sprintf                  cstackBANK1  00AE
?i1___lwdiv                cstackCOMMON 0070
?i1___lwmod                cstackCOMMON 0078
?i1_sprintf                cstackBANK0  0020
Lcd_Cmd8@a                 cstackBANK1  00A3
Lcd_Port8@a                cstackBANK1  00A0
Lcd_Set_Cursor8@a          cstackBANK1  00A5
Lcd_Set_Cursor8@b          cstackBANK1  00A4
Lcd_Set_Cursor8@temp       cstackBANK1  00A6
Lcd_Write_Char8@a          cstackBANK1  00A3
Lcd_Write_Char8@y          cstackBANK1  00A2
Lcd_Write_String8@a        cstackBANK1  00A4
Lcd_Write_String8@i        cstackBANK1  00A6
UART_RX_config@baudrate    cstackBANK1  00A0
UART_TX_config@baudrate    cstackBANK1  00A0
UART_read_char@CONT        cstackBANK0  002F
UART_read_char@caracter    cstackBANK0  003E
UART_write_char@i          cstackCOMMON 0075
UART_write_char@txt        cstackCOMMON 0070
_ADCON0bits                (abs)        001F
_ADCON1bits                (abs)        009F
_ADON                      (abs)        00F8
_ADRESH                    (abs)        001E
_ANSELH                    (abs)        0189
_ANSELbits                 (abs)        0188
_BRG16                     (abs)        0C3B
_CONT                      bssBANK0     0049
_CREN                      (abs)        00C4
_CVPOT                     bssBANK0     004A
_INTCONbits                (abs)        000B
_Lcd_Clear8                text16       0F76
_Lcd_Cmd8                  text17       0FB4
_Lcd_Init8                 text15       03FB
_Lcd_Port8                 text18       0F64
_Lcd_Set_Cursor8           text14       07D6
_Lcd_Write_Char8           text13       0F96
_Lcd_Write_String8         text12       079E
_OSCCONbits                (abs)        008F
_PIE1bits                  (abs)        008C
_PIR1bits                  (abs)        000C
_PORTA                     (abs)        0005
_PORTB                     (abs)        0006
_PORTC                     (abs)        0007
_PORTCbits                 (abs)        0007
_PORTD                     (abs)        0008
_PORTDbits                 (abs)        0008
_PORTE                     (abs)        0009
_POT                       text5        0671
_RCREG                     (abs)        001A
_RCSTAbits                 (abs)        0018
_RD3                       (abs)        0043
_RD4                       (abs)        0044
_RD5                       (abs)        0045
_RD6                       (abs)        0046
_RD7                       (abs)        0047
_SPBRG                     (abs)        0099
_SPBRGH                    (abs)        009A
_SPEN                      (abs)        00C7
_TRISA                     (abs)        0085
_TRISB                     (abs)        0086
_TRISC                     (abs)        0087
_TRISD                     (abs)        0088
_TXIF                      (abs)        0064
_TXREG                     (abs)        0019
_TXSTAbits                 (abs)        0098
_UART_RX_config            text4        0525
_UART_TX_config            text3        0631
_UART_read_char            text22       0FD4
_UART_write_char           text21       05EF
__Habs1                    abs1         0000
__Hbank0                   bank0        0000
__Hbank1                   bank1        0000
__Hbank2                   bank2        0000
__Hbank3                   bank3        0000
__HbssBANK0                bssBANK0     0000
__HbssBANK1                bssBANK1     0000
__Hcinit                   cinit        0036
__Hclrtext                 clrtext      0000
__Hcode                    code         0000
__Hcommon                  common       0000
__Hconfig                  config       2009
__HcstackBANK0             cstackBANK0  0000
__HcstackBANK1             cstackBANK1  0000
__HcstackCOMMON            cstackCOMMON 0000
__HdataBANK3               dataBANK3    0000
__Heeprom_data             eeprom_data  0000
__Hend_init                end_init     0015
__Hfunctab                 functab      0000
__HidataBANK3              idataBANK3   0000
__Hidloc                   idloc        2004
__Hinit                    init         0012
__Hinittext                inittext     0000
__Hintentry                intentry     0012
__Hmaintext                maintext     0000
__Hpowerup                 powerup      0000
__Hram                     ram          0000
__Hreset_vec               reset_vec    0003
__Hsfr0                    sfr0         0000
__Hsfr1                    sfr1         0000
__Hsfr2                    sfr2         0000
__Hsfr3                    sfr3         0000
__Hspace_0                 (abs)        1000
__Hspace_1                 (abs)        01D2
__Hspace_2                 (abs)        0000
__Hspace_3                 (abs)        0000
__Hspace_4                 (abs)        4010
__Hstack                   stack        0000
__Hstrings                 strings      0000
__Htext                    text         0000
__Labs1                    abs1         0000
__Lbank0                   bank0        0000
__Lbank1                   bank1        0000
__Lbank2                   bank2        0000
__Lbank3                   bank3        0000
__LbssBANK0                bssBANK0     0000
__LbssBANK1                bssBANK1     0000
__Lcinit                   cinit        0015
__Lclrtext                 clrtext      0000
__Lcode                    code         0000
__Lcommon                  common       0000
__Lconfig                  config       0000
__LcstackBANK0             cstackBANK0  0000
__LcstackBANK1             cstackBANK1  0000
__LcstackCOMMON            cstackCOMMON 0000
__LdataBANK3               dataBANK3    0000
__Leeprom_data             eeprom_data  0000
__Lend_init                end_init     0012
__Lfunctab                 functab      0000
__LidataBANK3              idataBANK3   0000
__Lidloc                   idloc        0000
__Linit                    init         0012
__Linittext                inittext     0000
__Lintentry                intentry     0004
__Lmaintext                maintext     0000
__Lpowerup                 powerup      0000
__Lram                     ram          0000
__Lreset_vec               reset_vec    0000
__Lsfr0                    sfr0         0000
__Lsfr1                    sfr1         0000
__Lsfr2                    sfr2         0000
__Lsfr3                    sfr3         0000
__Lspace_0                 (abs)        0000
__Lspace_1                 (abs)        0000
__Lspace_2                 (abs)        0000
__Lspace_3                 (abs)        0000
__Lspace_4                 (abs)        0000
__Lstack                   stack        0000
__Lstrings                 strings      0000
__Ltext                    text         0000
__S0                       (abs)        1000
__S1                       (abs)        01D2
__S3                       (abs)        0000
___aldiv                   text11       01EC
___aldiv@counter           cstackBANK1  00B6
___aldiv@dividend          cstackBANK1  00B1
___aldiv@divisor           cstackBANK1  00AD
___aldiv@quotient          cstackBANK1  00B8
___aldiv@sign              cstackBANK1  00B7
___int_sp                  stack        0000
___latbits                 (abs)        0002
___lmul                    text10       0497
___lmul@multiplicand       cstackBANK1  00A4
___lmul@multiplier         cstackBANK1  00A0
___lmul@product            cstackBANK1  00A9
___lwdiv                   text8        04DF
___lwdiv@counter           cstackBANK1  00A5
___lwdiv@dividend          cstackBANK1  00A2
___lwdiv@divisor           cstackBANK1  00A0
___lwdiv@quotient          cstackBANK1  00A6
___lwmod                   text7        06F0
___lwmod@counter           cstackBANK1  00AD
___lwmod@dividend          cstackBANK1  00AA
___lwmod@divisor           cstackBANK1  00A8
___sp                      stack        0000
___stackhi                 (abs)        0000
___stacklo                 (abs)        0000
__end_of_Lcd_Clear8        text16       0F83
__end_of_Lcd_Cmd8          text17       0FD4
__end_of_Lcd_Init8         text15       044B
__end_of_Lcd_Port8         text18       0F6C
__end_of_Lcd_Set_Cursor8   text14       07F8
__end_of_Lcd_Write_Char8   text13       0FB4
__end_of_Lcd_Write_String8 text12       07D6
__end_of_POT               text5        06B1
__end_of_UART_RX_config    text4        0569
__end_of_UART_TX_config    text3        0671
__end_of_UART_read_char    text22       1000
__end_of_UART_write_char   text21       0631
__end_of___aldiv           text11       0289
__end_of___lmul            text10       04DF
__end_of___lwdiv           text8        0525
__end_of___lwmod           text7        072C
__end_of__initialization   cinit        0032
__end_of__stringtab        strings      03AD
__end_of_adc_init          text2        06F0
__end_of_adc_read          text20       0F76
__end_of_dpowers           strings      03B7
__end_of_isr               text19       039D
__end_of_main              maintext     031F
__end_of_map               text9        0497
__end_of_setup             text1        079E
__end_of_sprintf           text6        0112
__end_ofi1___lwdiv         text25       05AD
__end_ofi1___lwmod         text24       0766
__end_ofi1_sprintf         text23       01EC
__initialization           cinit        0015
__pbssBANK0                bssBANK0     0045
__pbssBANK1                bssBANK1     00CD
__pcstackBANK0             cstackBANK0  0020
__pcstackBANK1             cstackBANK1  00A0
__pcstackCOMMON            cstackCOMMON 0070
__pdataBANK3               dataBANK3    0190
__pidataBANK3              idataBANK3   05AD
__pintentry                intentry     0004
__pmaintext                maintext     0289
__pstrings                 strings      039D
__ptext1                   text1        0766
__ptext10                  text10       0497
__ptext11                  text11       01EC
__ptext12                  text12       079E
__ptext13                  text13       0F96
__ptext14                  text14       07D6
__ptext15                  text15       03FB
__ptext16                  text16       0F76
__ptext17                  text17       0FB4
__ptext18                  text18       0F64
__ptext19                  text19       031F
__ptext2                   text2        06B1
__ptext20                  text20       0F6C
__ptext21                  text21       05EF
__ptext22                  text22       0FD4
__ptext23                  text23       0112
__ptext24                  text24       072C
__ptext25                  text25       0569
__ptext3                   text3        0631
__ptext4                   text4        0525
__ptext5                   text5        0671
__ptext6                   text6        0036
__ptext7                   text7        06F0
__ptext8                   text8        04DF
__ptext9                   text9        044B
__stringbase               strings      03AC
__stringtab                strings      039D
_adc_init                  text2        06B1
_adc_read                  text20       0F6C
_dpowers                   strings      03AD
_isr                       text19       031F
_main                      maintext     0289
_map                       text9        044B
_menu                      dataBANK3    0190
_numero                    bssBANK1     00CF
_opcion                    bssBANK0     0047
_setup                     text1        0766
_sprintf                   text6        0036
_voltaje                   bssBANK1     00CD
adc_init@channel           cstackBANK1  00A0
btemp                      (abs)        007E
clear_ram0                 clrtext      07F8
end_of_initialization      cinit        0032
i1___lwdiv                 text25       0569
i1___lwdiv@counter         cstackCOMMON 0077
i1___lwdiv@dividend        cstackCOMMON 0072
i1___lwdiv@divisor         cstackCOMMON 0070
i1___lwdiv@quotient        cstackCOMMON 0075
i1___lwmod                 text24       072C
i1___lwmod@counter         cstackCOMMON 007D
i1___lwmod@dividend        cstackCOMMON 007A
i1___lwmod@divisor         cstackCOMMON 0078
i1_sprintf                 text23       0112
i1sprintf@ap               cstackBANK0  0026
i1sprintf@c                cstackBANK0  002C
i1sprintf@f                cstackBANK0  0020
i1sprintf@flag             cstackBANK0  0027
i1sprintf@prec             cstackBANK0  0028
i1sprintf@sp               cstackBANK0  002B
i1sprintf@val              cstackBANK0  0029
init_fetch0                inittext     0F83
init_ram0                  inittext     0F87
interrupt_function         intentry     0004
intlevel0                  functab      0000
intlevel1                  functab      0000
intlevel2                  functab      0000
intlevel3                  functab      0000
intlevel4                  functab      0000
intlevel5                  functab      0000
map@maxx                   cstackBANK1  00C0
map@maxy                   cstackBANK1  00C4
map@minx                   cstackBANK1  00BE
map@miny                   cstackBANK1  00C2
map@val                    cstackBANK1  00BC
map@vo                     cstackBANK1  00C6
reset_vec                  reset_vec    0000
saved_w                    (abs)        007E
sprintf@ap                 cstackBANK1  00B4
sprintf@c                  cstackBANK1  00BA
sprintf@f                  cstackBANK1  00AE
sprintf@flag               cstackBANK1  00B5
sprintf@prec               cstackBANK1  00B6
sprintf@sp                 cstackBANK1  00B9
sprintf@val                cstackBANK1  00B7
start                      init         0012
start_initialization       cinit        0015
wtemp0                     (abs)        007E


MODULE INFORMATION

Module		Function		Class		Link	Load	Size
USART.c
		_UART_TX_config		CODE           	0631	0000	64
		_UART_write_char		CODE           	05EF	0000	66
		_UART_read_char		CODE           	0FD4	0000	44
		_UART_RX_config		CODE           	0525	0000	68

USART.c estimated size: 242

LCD8bits.c
		_Lcd_Init8     		CODE           	03FB	0000	80
		_Lcd_Cmd8      		CODE           	0FB4	0000	32
		_Lcd_Write_Char8		CODE           	0F96	0000	30
		_Lcd_Write_String8		CODE           	079E	0000	56
		_Lcd_Clear8    		CODE           	0F76	0000	13
		_Lcd_Set_Cursor8		CODE           	07D6	0000	34
		_Lcd_Port8     		CODE           	0F64	0000	8

LCD8bits.c estimated size: 253

C:\Program Files\Microchip\xc8\v2.40\pic\sources\c90\common\aldiv.c
		___aldiv       		CODE           	01EC	0000	157

C:\Program Files\Microchip\xc8\v2.40\pic\sources\c90\common\aldiv.c estimated size: 157

C:\Program Files\Microchip\xc8\v2.40\pic\sources\c90\common\doprnt.c
		_sprintf       		CODE           	0036	0000	220

C:\Program Files\Microchip\xc8\v2.40\pic\sources\c90\common\doprnt.c estimated size: 220

Lab02.c
		_POT           		CODE           	0671	0000	64
		_main          		CODE           	0289	0000	150
		_isr           		CODE           	031F	0000	126
		_setup         		CODE           	0766	0000	56

Lab02.c estimated size: 396

C:\Program Files\Microchip\xc8\v2.40\pic\sources\c90\common\lwmod.c
		___lwmod       		CODE           	06F0	0000	60

C:\Program Files\Microchip\xc8\v2.40\pic\sources\c90\common\lwmod.c estimated size: 60

shared
		__stringtab    		STRING         	039D	0000	16
		i1___lwdiv     		CODE           	0569	0000	68
		_dpowers       		STRING         	03AD	0000	10
		i1___lwmod     		CODE           	072C	0000	58
		__initialization		CODE           	0015	0000	29
		i1_sprintf     		CODE           	0112	0000	218

shared estimated size: 399

ADC.c
		_map           		CODE           	044B	0000	76
		_adc_read      		CODE           	0F6C	0000	10
		_adc_init      		CODE           	06B1	0000	63

ADC.c estimated size: 149

C:\Program Files\Microchip\xc8\v2.40\pic\sources\c90\common\Umul32.c
		___lmul        		CODE           	0497	0000	72

C:\Program Files\Microchip\xc8\v2.40\pic\sources\c90\common\Umul32.c estimated size: 72

C:\Program Files\Microchip\xc8\v2.40\pic\sources\c90\common\lwdiv.c
		___lwdiv       		CODE           	04DF	0000	70

C:\Program Files\Microchip\xc8\v2.40\pic\sources\c90\common\lwdiv.c estimated size: 70

